// Bun Snapshot v1, https://goo.gl/fbAQLP

exports[`api resource group snapshot 1`] = `
AwsResourceGroup {
  "addResource": [Function],
  "config": {
    "name": "api",
  },
  "dependencies": {},
  "findResourceByType": [Function],
  "id": 1,
  "resources": [
    {
      "dependencies": {},
      "groupId": 1,
      "id": 3,
      "name": "api",
      "type": "api-gateway",
    },
    {
      "dependencies": {
        "routerId": 3,
      },
      "deploymentId": "123",
      "groupId": 1,
      "id": 4,
      "name": "dev",
      "type": "api-gateway/stage",
    },
  ],
  "type": "api",
}
`;

exports[`route resource group snapshot 1`] = `
AwsResourceGroup {
  "addResource": [Function],
  "config": {},
  "dependencies": {
    "fn": 3,
    "router": 2,
  },
  "findResourceByType": [Function],
  "id": 4,
  "resources": [
    {
      "dependencies": {
        "apiGatewayId": 5,
        "integrationId": 10,
      },
      "groupId": 4,
      "id": 12,
      "method": "GET",
      "path": "/hello",
      "type": "api-gateway/route",
    },
  ],
  "type": "api/route",
}
`;

exports[`route resource group snapshot 2`] = `
AwsResourceGroup {
  "addResource": [Function],
  "config": {
    "config": {
      "handler": "handler.fn.js",
    },
  },
  "dependencies": {},
  "findResourceByType": [Function],
  "id": 3,
  "resources": [
    {
      "dependencies": {},
      "groupId": 3,
      "id": 7,
      "type": "iam/role",
    },
    {
      "dependencies": {
        "roleId": 7,
      },
      "groupId": 3,
      "id": 8,
      "type": "iam/policy",
    },
    {
      "dependencies": {
        "policyId": 8,
      },
      "groupId": 3,
      "id": 9,
      "type": "lambda",
    },
    {
      "dependencies": {
        "apiGatewayId": 5,
        "lambdaId": 9,
      },
      "groupId": 3,
      "id": 10,
      "type": "api-gateway/integration",
    },
    {
      "dependencies": {
        "apiGatewayId": 5,
        "lambdaId": 9,
      },
      "groupId": 3,
      "id": 11,
      "type": "lambda/permission",
    },
  ],
  "type": "aws/function",
}
`;
