// Bun Snapshot v1, https://goo.gl/fbAQLP

exports[`fn resource group snapshot 1`] = `
AwsResourceGroup {
  "addResource": [Function],
  "config": {
    "config": {
      "handler": "handler.fn.js",
    },
  },
  "dependencies": {},
  "findResourceByType": [Function],
  "id": 0,
  "resources": [
    {
      "dependencies": {},
      "groupId": 0,
      "id": 0,
      "type": "iam/role",
    },
    {
      "dependencies": {
        "roleId": 0,
      },
      "groupId": 0,
      "id": 1,
      "type": "iam/policy",
    },
    {
      "dependencies": {
        "policyId": 1,
      },
      "groupId": 0,
      "id": 2,
      "type": "lambda",
    },
  ],
  "type": "aws/function",
}
`;
